Error at line 1: syntax error
Acabament fitxer inesperat LÃ­nea 1
