a = 5
b = 3
c = -6
d = 1
e = 7
f = 6
g = 20
h = 2
i = 4
j = 6
k = -1
l = 3