1
2
2
3
2
6
1
1
1
1
4223
4227
-4
a = 1
b = 2
c = -4