3
4
-2
654566
24
11
61
a = 846
b = 423
c = 61
d = -4
r = 61
