(p4 v p4) ^
(!p4 v !p4) ^
(p2 v p2) ^
(!p1 v !p4) ^
(!p3 v !p1) ^
(!p3 v !p2)