Error at line 2: syntax error
Error at line 3: The variables must be in range of (Excluding 0) [0, 0]
Error at line 3: The variables must be in range of (Excluding 0) [0, 0]
Error at line 4: Exceeded the total number of clauses
Error at line 4: syntax error
Error at line 5: The variables must be in range of (Excluding 0) [0, 0]
Error at line 5: syntax error
Error at line 6: syntax error
Error at line 6: The variables must be in range of (Excluding 0) [0, 0]
Error at line 6: The variables must be in range of (Excluding 0) [0, 0]
Error at line 7: Exceeded the total number of clauses
Error at line 7: The variables must be in range of (Excluding 0) [0, 0]
Error at line 7: syntax error
Error at line 8: syntax error
Error at line 8: The variables must be in range of (Excluding 0) [0, 0]
Error at line 8: The variables must be in range of (Excluding 0) [0, 0]
Error at line 9: Exceeded the total number of clauses
