(p1 v p2) ^
(!p1 v !p2) ^
(p3 v p4) ^
(!p1 v !p3) ^
(!p3 v !p4) ^
(!p2 v !p4)
