Error at line 2: syntax error
Error at line 6: syntax error
B= b


