Error at line 2: syntax error
Acabament fitxer inesperat LÃ­nea 2
